23:22:00.022 | CRON | Trigger process for 11/02 at 22:45:00 for 1h
23:22:00.023 | SYS | เริ่มประมวลผลรายงาน
23:22:00.024 | SYS | State ปัจจุบัน = 6
23:22:00.035 | SYS | เริ่มตรวจสอบข้อมูลกับ LK2
23:22:00.233 | LK | Error calling checkLK: [2330] ผู้ใช้งานใช้สิทธิในการร้องขอข้อมูลครบแล้ว
23:29:16.555 | CRON | Trigger process for 11/02 at 22:30:00 for 1h
23:29:16.556 | SYS | เริ่มประมวลผลรายงาน
23:29:16.558 | SYS | State ปัจจุบัน = 6
23:29:16.571 | SYS | เริ่มตรวจสอบข้อมูลกับ LK2
23:29:16.766 | LK | Error calling checkLK: [2330] ผู้ใช้งานใช้สิทธิในการร้องขอข้อมูลครบแล้ว
23:33:14.870 | CRON | Trigger process for 11/02 at 22:35:00 for 1h
23:33:14.870 | SYS | เริ่มประมวลผลรายงาน
23:33:14.872 | SYS | State ปัจจุบัน = 6
23:33:14.880 | SYS | เริ่มตรวจสอบข้อมูลกับ LK2
23:33:15.080 | LK | Error calling checkLK: [2330] ผู้ใช้งานใช้สิทธิในการร้องขอข้อมูลครบแล้ว
23:35:15.193 | SYS | หยุดตามเวลาที่กำหนด
23:35:15.193 | SYS | หยุดตามเวลาที่กำหนด
23:37:00.011 | SYS | เริ่มประมวลผลรายงาน
23:37:00.011 | CRON | Trigger process for 11/02 at 23:37:00 for 1h
23:37:00.015 | SYS | State ปัจจุบัน = 6
23:37:00.021 | SYS | เริ่มตรวจสอบข้อมูลกับ LK2
23:37:00.207 | LK | Error calling checkLK: [2330] ผู้ใช้งานใช้สิทธิในการร้องขอข้อมูลครบแล้ว
23:38:33.072 | CRON | Trigger process for 11/02 at 23:37:00 for 1h
23:38:33.073 | SYS | เริ่มประมวลผลรายงาน
23:38:33.074 | SYS | State ปัจจุบัน = 6
23:38:33.079 | SYS | เริ่มตรวจสอบข้อมูลกับ LK2
23:38:33.274 | LK | Error calling checkLK: [2330] ผู้ใช้งานใช้สิทธิในการร้องขอข้อมูลครบแล้ว
23:39:18.474 | CRON | Trigger process for 11/02 at 23:37:00 for 1h
23:39:18.475 | SYS | เริ่มประมวลผลรายงาน
23:39:18.476 | SYS | State ปัจจุบัน = 6
23:39:18.490 | SYS | เริ่มตรวจสอบข้อมูลกับ LK2
23:39:18.585 | LK | Error calling checkLK: [2330] ผู้ใช้งานใช้สิทธิในการร้องขอข้อมูลครบแล้ว
23:39:19.621 | LK | Error calling checkLK: [2330] ผู้ใช้งานใช้สิทธิในการร้องขอข้อมูลครบแล้ว
23:39:20.659 | LK | Error calling checkLK: [2330] ผู้ใช้งานใช้สิทธิในการร้องขอข้อมูลครบแล้ว
23:39:21.690 | LK | Error calling checkLK: [2330] ผู้ใช้งานใช้สิทธิในการร้องขอข้อมูลครบแล้ว
23:39:21.752 | LK | Error calling checkLK: [2330] ผู้ใช้งานใช้สิทธิในการร้องขอข้อมูลครบแล้ว
23:39:22.781 | LK | Error calling checkLK: [2330] ผู้ใช้งานใช้สิทธิในการร้องขอข้อมูลครบแล้ว
23:39:23.812 | LK | Error calling checkLK: [2330] ผู้ใช้งานใช้สิทธิในการร้องขอข้อมูลครบแล้ว
23:39:24.853 | LK | Error calling checkLK: [2330] ผู้ใช้งานใช้สิทธิในการร้องขอข้อมูลครบแล้ว
23:39:24.927 | LK | Error calling checkLK: [2330] ผู้ใช้งานใช้สิทธิในการร้องขอข้อมูลครบแล้ว
23:39:25.960 | LK | Error calling checkLK: [2330] ผู้ใช้งานใช้สิทธิในการร้องขอข้อมูลครบแล้ว
23:39:26.995 | LK | Error calling checkLK: [2330] ผู้ใช้งานใช้สิทธิในการร้องขอข้อมูลครบแล้ว
23:39:28.053 | LK | Error calling checkLK: [2330] ผู้ใช้งานใช้สิทธิในการร้องขอข้อมูลครบแล้ว
23:39:28.117 | LK | Error calling checkLK: [2330] ผู้ใช้งานใช้สิทธิในการร้องขอข้อมูลครบแล้ว
23:39:29.161 | LK | Error calling checkLK: [2330] ผู้ใช้งานใช้สิทธิในการร้องขอข้อมูลครบแล้ว
23:39:30.214 | LK | Error calling checkLK: [2330] ผู้ใช้งานใช้สิทธิในการร้องขอข้อมูลครบแล้ว
23:39:31.253 | LK | Error calling checkLK: [2330] ผู้ใช้งานใช้สิทธิในการร้องขอข้อมูลครบแล้ว
23:39:31.319 | LK | Error calling checkLK: [2330] ผู้ใช้งานใช้สิทธิในการร้องขอข้อมูลครบแล้ว
23:39:32.370 | LK | Error calling checkLK: [2330] ผู้ใช้งานใช้สิทธิในการร้องขอข้อมูลครบแล้ว
23:39:33.406 | LK | Error calling checkLK: [2330] ผู้ใช้งานใช้สิทธิในการร้องขอข้อมูลครบแล้ว
23:39:34.469 | LK | Error calling checkLK: [2330] ผู้ใช้งานใช้สิทธิในการร้องขอข้อมูลครบแล้ว
23:39:34.536 | LK | Error calling checkLK: [2330] ผู้ใช้งานใช้สิทธิในการร้องขอข้อมูลครบแล้ว
23:39:35.574 | LK | Error calling checkLK: [2330] ผู้ใช้งานใช้สิทธิในการร้องขอข้อมูลครบแล้ว
23:39:36.606 | LK | Error calling checkLK: [2330] ผู้ใช้งานใช้สิทธิในการร้องขอข้อมูลครบแล้ว
2026-02-12 21:46:20.877 | CRON | Trigger process for 12/02 at 18:00:00 for 12h
2026-02-12 21:46:20.878 | SYS | เริ่มประมวลผลรายงาน
2026-02-12 21:46:20.924 | SYS | State ปัจจุบัน = 3
2026-02-12 21:46:21.076 | SYS | เริ่มตรวจสอบข้อมูลกับ checkpop
2026-02-12 21:46:39.026 | SYS | ตรวจสอบข้อมูลกับ checkpop สำเร็จ
2026-02-12 21:46:39.179 | SYS | รอ Login ThaiD
2026-02-12 21:46:42.448 | SYS | Login ThaiD สำเร็จ
2026-02-12 21:46:42.559 | SYS | เริ่มตรวจสอบข้อมูลกับ LK2
2026-02-12 21:49:09.709 | LK | Error calling checkLK: Request failed with status code 403
2026-02-12 21:49:09.710 | LK | Error calling checkLK: [2330] ผู้ใช้งานใช้สิทธิในการร้องขอข้อมูลครบแล้ว
2026-02-12 21:50:09.796 | LK2 | Error: res.data is not iterable
2026-02-12 21:51:10.131 | LK | Error calling checkLK: [2330] ผู้ใช้งานใช้สิทธิในการร้องขอข้อมูลครบแล้ว
2026-02-12 21:51:10.130 | LK | Error calling checkLK: Request failed with status code 403
2026-02-12 21:52:10.217 | LK2 | Error: res.data is not iterable
2026-02-12 21:53:10.638 | LK | Error calling checkLK: [2330] ผู้ใช้งานใช้สิทธิในการร้องขอข้อมูลครบแล้ว
2026-02-12 21:53:10.638 | LK | Error calling checkLK: Request failed with status code 403
2026-02-16 21:14:12.232 | CRON | Trigger process for 12/02 at 18:00:00 for 12h
2026-02-16 21:14:12.234 | SYS | เริ่มประมวลผลรายงาน
2026-02-16 21:14:12.284 | SYS | State ปัจจุบัน = 6
2026-02-16 21:14:12.430 | SYS | เริ่มตรวจสอบข้อมูลกับ LK2
2026-02-16 21:14:22.899 | SYS | ตรวจสอบข้อมูลกับ LK2 สำเร็จ
2026-02-16 21:14:23.032 | SYS | ประมวลผลสำเร็จ
2026-02-16 21:17:00.567 | CRON | Trigger process for 16/02 at 21:17:00 for 12h
2026-02-16 21:17:00.569 | SYS | เริ่มประมวลผลรายงาน
2026-02-16 21:17:00.669 | SYS | เริ่มดึงข้อมูลจากฐานข้อมูล
2026-02-16 21:17:00.669 | SYS | State ปัจจุบัน = 8
2026-02-16 21:17:01.753 | SYS | ดึงข้อมูลจากฐานข้อมูลสำเร็จ
2026-02-16 21:17:02.149 | SYS | เริ่มตรวจสอบข้อมูลกับ checkpop
2026-02-16 21:17:24.718 | SYS | ตรวจสอบข้อมูลกับ checkpop สำเร็จ
2026-02-16 21:17:24.869 | SYS | รอ Login ThaiD
2026-02-16 21:17:28.084 | SYS | Login ThaiD สำเร็จ
2026-02-16 21:17:28.236 | SYS | เริ่มตรวจสอบข้อมูลกับ LK2
2026-02-16 21:17:29.804 | ERROR | [LK2] failed for row 110: update `data` set `status_lk` = 0, `status` = 'ALIVE', `birth_date` = '1997-00-00' where `id` = 110 - Incorrect datetime value: '1997-00-00' for column 'birth_date' at row 1
2026-02-16 21:17:30.550 | SYS | ตรวจสอบข้อมูลกับ LK2 สำเร็จ
2026-02-16 21:17:30.699 | SYS | ประมวลผลสำเร็จ
2026-02-16 21:26:23.787 | CRON | Trigger process for 16/02 at 21:26:00 for 12h
2026-02-16 21:26:23.789 | SYS | เริ่มประมวลผลรายงาน
2026-02-16 21:26:23.886 | SYS | State ปัจจุบัน = 8
2026-02-16 21:26:23.886 | SYS | เริ่มดึงข้อมูลจากฐานข้อมูล
2026-02-16 21:26:24.518 | SYS | ดึงข้อมูลจากฐานข้อมูลสำเร็จ
2026-02-16 21:26:24.666 | SYS | เริ่มตรวจสอบข้อมูลกับ checkpop
2026-02-16 21:26:42.537 | SYS | ตรวจสอบข้อมูลกับ checkpop สำเร็จ
2026-02-16 21:26:42.618 | SYS | รอ Login ThaiD
2026-02-16 21:26:45.837 | SYS | Login ThaiD สำเร็จ
2026-02-16 21:26:45.949 | SYS | เริ่มตรวจสอบข้อมูลกับ LK2
2026-02-16 21:26:47.571 | ERROR | [LK2] failed for row 210: update `data` set `status_lk` = 0, `status` = 'ALIVE', `birth_date` = '1997-00-00' where `id` = 210 - Incorrect datetime value: '1997-00-00' for column 'birth_date' at row 1
2026-02-16 21:26:48.331 | SYS | ตรวจสอบข้อมูลกับ LK2 สำเร็จ
2026-02-16 21:26:48.451 | SYS | ประมวลผลสำเร็จ
2026-02-16 21:32:34.614 | CRON | Trigger process for 16/02 at 21:26:00 for 12h
2026-02-16 21:32:34.615 | SYS | เริ่มประมวลผลรายงาน
2026-02-16 21:32:34.715 | SYS | State ปัจจุบัน = 8
2026-02-16 21:32:34.716 | SYS | เริ่มดึงข้อมูลจากฐานข้อมูล
2026-02-16 21:32:35.301 | SYS | ดึงข้อมูลจากฐานข้อมูลสำเร็จ
2026-02-16 21:32:35.451 | SYS | เริ่มตรวจสอบข้อมูลกับ checkpop
2026-02-16 21:33:00.370 | SYS | ตรวจสอบข้อมูลกับ checkpop สำเร็จ
2026-02-16 21:33:00.520 | SYS | รอ Login ThaiD
2026-02-16 21:33:03.748 | SYS | Login ThaiD สำเร็จ
2026-02-16 21:33:03.873 | SYS | เริ่มตรวจสอบข้อมูลกับ LK2
2026-02-16 21:33:06.089 | SYS | ตรวจสอบข้อมูลกับ LK2 สำเร็จ
2026-02-16 21:33:06.230 | SYS | ประมวลผลสำเร็จ
2026-02-16 21:37:12.675 | CRON | Trigger process for 16/02 at 21:26:00 for 12h
2026-02-16 21:37:12.679 | SYS | เริ่มประมวลผลรายงาน
2026-02-16 21:37:12.725 | SYS | State ปัจจุบัน = 6
2026-02-16 21:37:12.874 | SYS | เริ่มตรวจสอบข้อมูลกับ LK2
2026-02-16 21:37:13.605 | SYS | ตรวจสอบข้อมูลกับ LK2 สำเร็จ
2026-02-16 21:37:13.755 | SYS | ประมวลผลสำเร็จ
2026-02-16 21:40:46.388 | SYS | เริ่มประมวลผลรายงาน
2026-02-16 21:40:46.387 | CRON | Trigger process for 16/02 at 21:26:00 for 12h
2026-02-16 21:40:46.487 | SYS | State ปัจจุบัน = 8
2026-02-16 21:40:46.487 | SYS | เริ่มดึงข้อมูลจากฐานข้อมูล
2026-02-16 21:40:47.136 | SYS | ดึงข้อมูลจากฐานข้อมูลสำเร็จ
2026-02-16 21:40:47.307 | SYS | เริ่มตรวจสอบข้อมูลกับ checkpop
2026-02-16 21:41:06.836 | SYS | ตรวจสอบข้อมูลกับ checkpop สำเร็จ
2026-02-16 21:41:06.998 | SYS | รอ Login ThaiD
2026-02-16 21:41:10.254 | SYS | Login ThaiD สำเร็จ
2026-02-16 21:41:10.363 | SYS | เริ่มตรวจสอบข้อมูลกับ LK2
2026-02-16 21:41:12.712 | SYS | ตรวจสอบข้อมูลกับ LK2 สำเร็จ
2026-02-16 21:41:12.865 | SYS | ประมวลผลสำเร็จ
2026-02-16 21:54:32.441 | SYS | เริ่มประมวลผลรายงาน
2026-02-16 21:54:32.483 | SYS | State ปัจจุบัน = 8
2026-02-16 21:54:32.484 | SYS | เริ่มดึงข้อมูลจากฐานข้อมูล
2026-02-16 21:54:33.055 | SYS | ดึงข้อมูลจากฐานข้อมูลสำเร็จ
2026-02-16 21:54:33.195 | SYS | เริ่มตรวจสอบข้อมูลกับ checkpop
2026-02-16 21:54:58.104 | SYS | ตรวจสอบข้อมูลกับ checkpop สำเร็จ
2026-02-16 21:54:58.253 | SYS | รอ Login ThaiD
2026-02-16 21:55:00.063 | CRON | Process already running. Skip this tick.
2026-02-16 21:55:01.509 | SYS | Login ThaiD สำเร็จ
2026-02-16 21:55:01.654 | SYS | เริ่มตรวจสอบข้อมูลกับ LK2
2026-02-16 21:55:04.025 | SYS | ตรวจสอบข้อมูลกับ LK2 สำเร็จ
2026-02-16 21:55:04.178 | SYS | ประมวลผลสำเร็จ
2026-02-16 21:55:04.308 | SYS | Exported birth_date 8 rows -> /Users/tan/myself/tnmc/tnmc-export-api/exports/export_birth_date_20.xlsx
2026-02-16 21:55:04.308 | SYS | Exported death 0 rows -> /Users/tan/myself/tnmc/tnmc-export-api/exports/export_death_20.xlsx
2026-02-16 22:14:15.731 | SYS | เริ่มประมวลผลรายงาน
2026-02-16 22:14:15.830 | SYS | State ปัจจุบัน = 8
2026-02-16 22:14:15.831 | SYS | เริ่มดึงข้อมูลจากฐานข้อมูล
2026-02-16 22:14:16.583 | SYS | ดึงข้อมูลจากฐานข้อมูลสำเร็จ
2026-02-16 22:14:16.736 | SYS | เริ่มตรวจสอบข้อมูลกับ checkpop
2026-02-16 22:14:36.975 | SYS | ตรวจสอบข้อมูลกับ checkpop สำเร็จ
2026-02-16 22:14:37.126 | SYS | รอ Login ThaiD
2026-02-16 22:14:40.374 | SYS | Login ThaiD สำเร็จ
2026-02-16 22:14:40.485 | SYS | เริ่มตรวจสอบข้อมูลกับ LK2
2026-02-16 22:14:42.814 | SYS | ตรวจสอบข้อมูลกับ LK2 สำเร็จ
2026-02-16 22:14:42.965 | SYS | ประมวลผลสำเร็จ
2026-02-16 22:14:43.086 | SYS | Exported birth_date 8 rows -> /Users/tan/myself/tnmc/tnmc-export-api/exports/export_birth_date_21.xlsx
2026-02-16 22:14:43.087 | SYS | Exported death 0 rows -> /Users/tan/myself/tnmc/tnmc-export-api/exports/export_death_21.xlsx
